// Jest Snapshot v1, https://goo.gl/fbAQLP

exports[`MuseumSearchPage component Shallow renders.: MuseumSearchPage shallow render. 1`] = `
<div
  className="container-fluid d-flex flex-column flex-fill"
>
  <style>
    
  html, body {
    margin: 0;
    height: 100%
  }
  #__next {
    display: flex;
    flex-flow: column;
    height: 100%;
  }

  </style>
  <Head
    title="Museum Search"
  />
  <div
    className="flex-shrink-0"
  >
    <h1
      className="col-12"
    >
      Museum Search
    </h1>
  </div>
  <div
    className="row flex-fill"
  >
    <div
      className="col-md-3 p-0"
    >
      <div
        className="card h-100"
      >
        <div
          className="card-body flex-grow-0"
        >
          <Formik
            enableReinitialize={false}
            initialValues={
              Object {
                "query": undefined,
              }
            }
            isInitialValid={false}
            onSubmit={[Function]}
            validateOnBlur={true}
            validateOnChange={true}
          >
            <Form>
              <FormikConnect(FieldInner)
                autoComplete="off"
                className="form-control"
                name="query"
                placeholder="Search..."
              />
            </Form>
          </Formik>
        </div>
        <div
          style={
            Object {
              "overflowY": "scroll",
            }
          }
        >
          <Apollo(MuseumList)
            query="museum"
          />
        </div>
      </div>
    </div>
    <div
      className="col-md-9 p-0"
    >
      <LoadableComponent
        onMove={[Function]}
      />
    </div>
  </div>
</div>
`;
