// Jest Snapshot v1, https://goo.gl/fbAQLP

exports[`MyApp component Renders with the ApolloProvider.: MyApp shallow render. 1`] = `
<Container>
  <TestComponent
    exampleProp="exampleValue"
  />
</Container>
`;
