// Jest Snapshot v1, https://goo.gl/fbAQLP

exports[`MuseumList component Renders an error. 1`] = `
<ul
  className="list-group"
>
  <div
    className="alert alert-danger"
  >
    Network error: An error happened!
  </div>
</ul>
`;

exports[`MuseumList component Renders initially with a loading indicator. 1`] = `
<ul
  className="list-group"
>
  Loading...
</ul>
`;

exports[`MuseumList component Renders the museum list. 1`] = `
<ul
  className="list-group"
>
  <li
    className="list-group-item"
    key="13911"
  >
    <strong>
      SPACE GALLERY
    </strong>
    <div />
    <div />
  </li>
  <li
    className="list-group-item"
    key="14897"
  >
    <strong>
      SPACE GALLERY
    </strong>
    <div />
    <div />
  </li>
  <li
    className="list-group-item"
    key="16357"
  >
    <strong>
      SPACE MUSEUM
    </strong>
    <div>
      116 E SCHOOL ST
    </div>
    <div>
      BONNE TERRE - MO
    </div>
  </li>
</ul>
`;
