// Jest Snapshot v1, https://goo.gl/fbAQLP

exports[`add-csv-museums seed inserts museums from the csv file when process.env.MUSEUMS_CSV is set 1`] = `
Array [
  Object {
    "alternateName": undefined,
    "city": undefined,
    "createdAt": 2018-11-24T22:02:47.033Z,
    "institutionName": undefined,
    "latitude": 61.17925,
    "legalName": "ALASKA AVIATION HERITAGE MUSEUM",
    "longitude": -149.97254,
    "museumType": "HISTORY MUSEUM",
    "name": "ALASKA AVIATION HERITAGE MUSEUM",
    "phoneNumber": 9072485325,
    "state": undefined,
    "streetAddress": undefined,
    "updatedAt": 2018-11-24T22:02:47.033Z,
    "zipCode": undefined,
  },
  Object {
    "alternateName": undefined,
    "city": undefined,
    "createdAt": 2018-11-24T22:02:47.033Z,
    "institutionName": undefined,
    "latitude": 61.1689,
    "legalName": "ALASKA BOTANICAL GARDEN INC",
    "longitude": -149.76708,
    "museumType": "ARBORETUM, BOTANICAL GARDEN, OR NATURE CENTER",
    "name": "ALASKA BOTANICAL GARDEN",
    "phoneNumber": 9077703692,
    "state": undefined,
    "streetAddress": undefined,
    "updatedAt": 2018-11-24T22:02:47.033Z,
    "zipCode": undefined,
  },
  Object {
    "alternateName": undefined,
    "city": undefined,
    "createdAt": 2018-11-24T22:02:47.033Z,
    "institutionName": undefined,
    "latitude": 60.56149,
    "legalName": "ALASKA CHALLENGER CENTER FOR SPACE SCIENCE TECHNOLOGY INC",
    "longitude": -151.21598,
    "museumType": "SCIENCE & TECHNOLOGY MUSEUM OR PLANETARIUM",
    "name": "ALASKA CHALLENGER CENTER FOR SPACE SCIENCE TECHNOLOGY",
    "phoneNumber": 9072832000,
    "state": undefined,
    "streetAddress": undefined,
    "updatedAt": 2018-11-24T22:02:47.033Z,
    "zipCode": undefined,
  },
]
`;
