// Jest Snapshot v1, https://goo.gl/fbAQLP

exports[`museums query Returns a MuseumSearchConnection when a query is specified. 1`] = `
Object {
  "data": Object {
    "museums": Object {
      "count": 123,
      "edges": Array [
        Object {
          "cursor": "123",
          "node": Object {
            "alternateName": "testAlternateName",
            "city": "testCity",
            "id": 123,
            "institutionName": "testInstitutionName",
            "latitude": 61.17925,
            "legalName": "testLegalName",
            "longitude": -149.97254,
            "museumType": "testType",
            "name": "space museum 1",
            "phoneNumber": "testNumber",
            "state": "testState",
            "streetAddress": "testAddress",
            "zipCode": "testZipCode",
          },
        },
        Object {
          "cursor": "555",
          "node": Object {
            "alternateName": "testAlternateName2",
            "city": "testCity2",
            "id": 555,
            "institutionName": "testInstitutionName2",
            "latitude": 61.1689,
            "legalName": "testLegalName2",
            "longitude": -149.76708,
            "museumType": "testType2",
            "name": "space museum 2",
            "phoneNumber": "testNumber2",
            "state": "testState2",
            "streetAddress": "testAddress2",
            "zipCode": "testZipCode2",
          },
        },
      ],
    },
  },
  "errors": undefined,
  "extensions": undefined,
  "http": Object {
    "headers": Headers {
      Symbol(map): Object {},
    },
  },
}
`;
