// Jest Snapshot v1, https://goo.gl/fbAQLP

exports[`Head component Renders. 1`] = `
<SideEffect(Head)>
  <meta
    charSet="UTF-8"
  />
  <title>
    Page Title
  </title>
  <meta
    content="width=device-width, initial-scale=1"
    name="viewport"
  />
  <link
    href="/static/favicon.ico"
    rel="icon"
  />
</SideEffect(Head)>
`;
